Initializing Jarvis v4 (Phase 3) on: cuda
Found Phase 3 checkpoint at jarvis_v4.pth. Resuming...
Resumed from Phase 3 step 47600. Optimizer wiped intentionally to break clone momentum.
Applying Orthogonal Weights (Decentralized Ganglionic Processing)...
[SFT Generator] Initializing 70/30 Hermes+Cocktail (Specialization Phase)...
[SFT Generator] OpenHermes-2.5 stream opened.
[SFT Generator] Local Cocktail datasets loaded.
Starting Phase 3 (Jarvis v4) Loop...
Phase3 Step 47650 | Loss: 3.8136 (Smoothed: 3.1952) | LR: 0.0000247 | TPS: 1503.76 | Time/50: 136.19s
DEBUG TELEMETRY: {'arm_collapse_metric': 0.5765232443809509, 'latent_energy': 2.1358489990234375, 'gate_score': 0.29013460874557495, 'primer_delta': 0.5506775975227356, 'entropy': 0.578577995300293, 'autotomic_gates': [0.9931640625, 0.9931640625, 0.9931640625, 0.9931640625], 'route_weights': [0.12959620356559753, 0.23830248415470123, 0.42405104637145996, 0.20805028080940247]}
Phase3 Step 47700 | Loss: 1.8179 (Smoothed: 1.3886) | LR: 0.0000010 | TPS: 2399.58 | Time/50: 85.35s
DEBUG TELEMETRY: {'arm_collapse_metric': -0.6880921721458435, 'latent_energy': 5.867763519287109, 'gate_score': 0.2971934676170349, 'primer_delta': 0.7590088844299316, 'entropy': 0.7554168105125427, 'autotomic_gates': [0.99267578125, 0.99267578125, 0.99267578125, 0.99267578125], 'route_weights': [0.10841966420412064, 0.0882515162229538, 0.7025730609893799, 0.10075576603412628]}

*** PHASE 3j TARGET REACHED ***
Collapse Metric: -0.6881 | Smoothed Loss: 1.3886
MIMO Arms have successfully specialized. Halting training.
Phase 3j Checkpoint saved to jarvis_v4.pth

Running Automated Benchmark (oo_benchmark.py)...
==================================================================
Loading Mamba 3 MIMO OS Telemetry Benchmark...
==================================================================
Error loading checkpoint: CUDA out of memory. Tried to allocate 148.00 MiB. GPU 0 has a total capacity of 11.63 GiB of which 135.50 MiB is free. Process 76943 has 101.09 MiB memory in use. Process 169514 has 9.74 GiB memory in use. Including non-PyTorch memory, this process has 1.37 GiB memory in use. Of the allocated memory 1.18 GiB is allocated by PyTorch, and 89.53 MiB is reserved by PyTorch but unallocated. If reserved but unallocated memory is large try setting PYTORCH_ALLOC_CONF=expandable_segments:True to avoid fragmentation.  See documentation for Memory Management  (https://pytorch.org/docs/stable/notes/cuda.html#environment-variables)
